// Jest Snapshot v1, https://goo.gl/fbAQLP

exports[`Movie Search Should match snapshot 1`] = `
<ContextConsumer>
  <Component />
</ContextConsumer>
`;
